// Jest Snapshot v1, https://goo.gl/fbAQLP

exports[`Error message 1`] = `
<div
  className="error-message"
  style={
    Object {
      "backgroundColor": "rgba(255, 99, 71, 0.75)",
      "borderRadius": "5px",
      "color": "#ffffff",
      "left": "50%",
      "padding": "25px",
      "position": "fixed",
      "right": "50%",
      "top": "5%",
      "width": "250px",
      "zIndex": "50",
    }
  }
>
  <div
    className="error-message__header"
    style={
      Object {
        "paddingBottom": "10px",
      }
    }
  >
    <b>
      Код ошибки: 
      401
    </b>
  </div>
  <div
    className="message__text"
  >
    <p>
      Что-то пошло не так:(
    </p>
  </div>
  <button
    className="error-message__button"
    onClick={[Function]}
    style={
      Object {
        "backgroundImage": "url(./img/close.svg)",
        "backgroundPosition": "center",
        "backgroundRepeat": "no-repeat",
        "backgroundSize": "10px",
        "color": "#ffffff",
        "height": "10px",
        "padding": "10px",
        "position": "absolute",
        "right": "5px",
        "top": "5px",
        "width": "10px",
        "zIndex": "10",
      }
    }
  />
</div>
`;
